// Jest Snapshot v1, https://goo.gl/fbAQLP

exports[`Menu Screen Component renders correctly 1`] = `
<LinearGradient
  colors={
    Array [
      "#C1E8FC",
      "#5D9CBB",
    ]
  }
  style={
    Object {
      "alignItems": "center",
      "backgroundColor": "#ccf1f3",
      "flex": 1,
    }
  }
>
  <Component>
    <Image
      source={
        Object {
          "testUri": "../../../images/similar_logo.png",
        }
      }
      style={
        Object {
          "height": 173,
          "marginTop": 20,
          "width": 200,
        }
      }
    />
  </Component>
  <Component
    style={
      Object {
        "alignItems": "center",
        "backgroundColor": "rgba(255,255,255,0.6)",
        "elevation": 2,
        "marginTop": 20,
        "padding": 10,
        "width": 280,
      }
    }
  >
    <TouchableOpacity
      activeOpacity={0.2}
      onPress={[Function]}
    >
      <LinearGradient
        colors={
          Array [
            "#658FD6",
            "#144395",
          ]
        }
        style={
          Object {
            "alignItems": "center",
            "borderRadius": 5,
            "elevation": 2,
            "flexDirection": "row",
            "height": 40,
            "justifyContent": "center",
            "margin": 5,
            "padding": 5,
            "width": 250,
          }
        }
      >
        <Icon
          name="language"
          style={
            Object {
              "color": "white",
              "fontSize": 25,
              "marginRight": 5,
            }
          }
        />
        <Text
          accessible={true}
          allowFontScaling={true}
          ellipsizeMode="tail"
          style={
            Object {
              "color": "white",
              "fontFamily": "HelveticaNeue-Medium",
              "fontSize": 17,
              "fontWeight": "bold",
              "marginLeft": 5,
            }
          }
        >
          Vocabulario
        </Text>
      </LinearGradient>
    </TouchableOpacity>
    <TouchableOpacity
      activeOpacity={0.2}
      onPress={[Function]}
    >
      <LinearGradient
        colors={
          Array [
            "#658FD6",
            "#144395",
          ]
        }
        style={
          Object {
            "alignItems": "center",
            "borderRadius": 5,
            "elevation": 2,
            "flexDirection": "row",
            "height": 40,
            "justifyContent": "center",
            "margin": 5,
            "padding": 5,
            "width": 250,
          }
        }
      >
        <Icon
          name="comments"
          style={
            Object {
              "color": "white",
              "fontSize": 25,
              "marginRight": 5,
            }
          }
        />
        <Text
          accessible={true}
          allowFontScaling={true}
          ellipsizeMode="tail"
          style={
            Object {
              "color": "white",
              "fontFamily": "HelveticaNeue-Medium",
              "fontSize": 17,
              "fontWeight": "bold",
              "marginLeft": 5,
            }
          }
        >
          Pronunciación
        </Text>
      </LinearGradient>
    </TouchableOpacity>
    <TouchableOpacity
      activeOpacity={0.2}
      onPress={[Function]}
    >
      <LinearGradient
        colors={
          Array [
            "#658FD6",
            "#144395",
          ]
        }
        style={
          Object {
            "alignItems": "center",
            "borderRadius": 5,
            "elevation": 2,
            "flexDirection": "row",
            "height": 40,
            "justifyContent": "center",
            "margin": 5,
            "padding": 5,
            "width": 250,
          }
        }
      >
        <Icon
          name="pencil"
          style={
            Object {
              "color": "white",
              "fontSize": 25,
              "marginRight": 5,
            }
          }
        />
        <Text
          accessible={true}
          allowFontScaling={true}
          ellipsizeMode="tail"
          style={
            Object {
              "color": "white",
              "fontFamily": "HelveticaNeue-Medium",
              "fontSize": 17,
              "fontWeight": "bold",
              "marginLeft": 5,
            }
          }
        >
          Gramática
        </Text>
      </LinearGradient>
    </TouchableOpacity>
    <TouchableOpacity
      activeOpacity={0.2}
      onPress={[Function]}
    >
      <LinearGradient
        colors={
          Array [
            "#658FD6",
            "#144395",
          ]
        }
        style={
          Object {
            "alignItems": "center",
            "borderRadius": 5,
            "elevation": 2,
            "flexDirection": "row",
            "height": 40,
            "justifyContent": "center",
            "margin": 5,
            "padding": 5,
            "width": 250,
          }
        }
      >
        <Icon
          name="info"
          style={
            Object {
              "color": "white",
              "fontSize": 25,
              "marginRight": 5,
            }
          }
        />
        <Text
          accessible={true}
          allowFontScaling={true}
          ellipsizeMode="tail"
          style={
            Object {
              "color": "white",
              "fontFamily": "HelveticaNeue-Medium",
              "fontSize": 17,
              "fontWeight": "bold",
              "marginLeft": 5,
            }
          }
        >
          Acerca de
        </Text>
      </LinearGradient>
    </TouchableOpacity>
    <TouchableOpacity
      activeOpacity={0.2}
    >
      <LinearGradient
        colors={
          Array [
            "#658FD6",
            "#144395",
          ]
        }
        style={
          Object {
            "alignItems": "center",
            "borderRadius": 5,
            "elevation": 2,
            "flexDirection": "row",
            "height": 40,
            "justifyContent": "center",
            "margin": 5,
            "padding": 5,
            "width": 250,
          }
        }
      >
        <Icon
          name="sign-out"
          style={
            Object {
              "color": "white",
              "fontSize": 25,
              "marginRight": 5,
            }
          }
        />
        <Text
          accessible={true}
          allowFontScaling={true}
          ellipsizeMode="tail"
          style={
            Object {
              "color": "white",
              "fontFamily": "HelveticaNeue-Medium",
              "fontSize": 17,
              "fontWeight": "bold",
              "marginLeft": 5,
            }
          }
        >
          Cerrar sesión
        </Text>
      </LinearGradient>
    </TouchableOpacity>
  </Component>
</LinearGradient>
`;
