// Jest Snapshot v1, https://goo.gl/fbAQLP

exports[`VideoViewer Screen Component renders correctly 1`] = `
<LinearGradient
  colors={
    Array [
      "#C1E8FC",
      "#5D9CBB",
    ]
  }
  style={
    Object {
      "backgroundColor": "#ccf1f3",
      "flex": 1,
    }
  }
>
  <Component
    style={
      Object {
        "height": 200,
      }
    }
  >
    <WebView
      domStorageEnabled={true}
      javaScriptEnabled={true}
      scalesPageToFit={true}
      source={
        Object {
          "uri": undefined,
        }
      }
    />
  </Component>
  <Component
    style={
      Object {
        "backgroundColor": "white",
        "borderWidth": 0,
        "elevation": 2,
        "margin": 10,
        "padding": 10,
        "width": "95%",
      }
    }
  >
    <Text
      accessible={true}
      allowFontScaling={true}
      ellipsizeMode="tail"
      style={
        Object {
          "fontSize": 22,
          "fontWeight": "bold",
        }
      }
    >
       
       
    </Text>
    <Text
      accessible={true}
      allowFontScaling={true}
      ellipsizeMode="tail"
    />
  </Component>
</LinearGradient>
`;
